---
source: pgdump_query-cli/tests/help_text.rs
expression: "help_page(&[\"parse\", \"-h\"])"
---
Scan a dump file and build the structure cache — the only command that reads the dump for its
structure (`pgdq info` reports from the cache this leaves). Resumes from a matching cache rather
than restarting, and banks its progress at `COPY` block boundaries as it goes — including on Ctrl-C,
which saves what has been scanned and exits 130 — so an interrupted scan is not wasted work. Remove
the cache file to force a scan from byte 0

Usage: pgdq parse [OPTIONS] --source <SOURCE>

Options:
      --source <SOURCE>                The dump file to scan
      --dqcache <DQCACHE>              Cache file path, or `none` to disable the cache. Since
                                       `parse`'s whole purpose is to write the cache, `none` is
                                       rejected
      --preamble-only                  Scan only the dump's preamble — the dump-level header alone,
                                       no per-block listing or row counts — instead of the whole
                                       file. Cost is independent of dump size regardless of how much
                                       `COPY` data follows (`docs/design/decisions.md`, "D30"). The
                                       cache this leaves is a partial one that `pgdq info` reads
                                       like any other
      --chunk-size <BYTES>             Bytes requested per read from the dump. The default, 1 MiB,
                                       is the fastest of the six sizes measured on the one device
                                       class where a chunk size shows anything at all, and makes no
                                       measurable difference on the other two
                                       (`docs/design/measurements.md`, "What the read chunk size is
                                       worth") — so this is a tuning escape hatch for a device
                                       unlike those, not a knob with a win behind it. A raised value
                                       keeps its buffer pooling and costs memory instead: the read
                                       path holds four buffers of whatever size you ask for, or
                                       `--parallel-memory`'s worth, whichever is fewer
      --max-line-bytes <BYTES>         The longest line the scan accepts, in bytes. A longer one
                                       stops the scan with an error naming its offset rather than
                                       being buffered without bound; the check is made as each read
                                       completes, so a line can overrun the limit by up to one read
                                       chunk before it is refused. The default, 64 MiB, holds any
                                       row of ordinary values; a dump holding larger ones — a single
                                       value of hundreds of megabytes — needs a larger limit stated
                                       here. A row is held whole while it is scanned, so this is
                                       also what one row may cost in memory
      --statistics <SELECTION>         Which per-row-group column statistics to gather: `all`, the
                                       default; `none`; or a comma-separated list of the tables
                                       (`schema.table`, or a bare `table` in any schema) and columns
                                       (`schema.table.column`) to gather them for alone. Statistics
                                       record, for each stretch of a table's data, its row count and
                                       each column's NULL count, and where a column's comparison
                                       allows, its least and greatest value and its distinct values.
                                       Gathering reads every value of every tracked column, which
                                       costs the scan time and memory; `none` scans as fast as the
                                       file allows. A block an earlier `parse` mapped without the
                                       statistics asked for here is re-read for them once the rest
                                       of the file is scanned, keeping any it already had
      --statistics-group-size <BYTES>  The bytes of a table's data each row group of statistics
                                       covers. The default, 1 MiB, is coarse, and doubles for a
                                       table whose data would take more than 4,096 groups until it
                                       takes no more; a stated size is kept exactly, and a smaller
                                       group records more finely where values lie and costs memory
                                       and cache space in proportion. Stated, it also re-reads every
                                       block gathered at another size; left unstated, a block keeps
                                       the size it was gathered at
      --jobs <N>                       How many workers pgdq may ask for. Left unstated, the file
                                       decides: a plain dump reads serially, and an `.xz` one takes
                                       the CPUs this process was given, or its own block count where
                                       that is smaller — lowered again to the number of readers the
                                       memory budget can pay for, where that is fewer, whether that
                                       budget was discovered or stated with `--parallel-memory`. A
                                       count stated here is never lowered that way
      --parallel-memory <BYTES>        What those workers may hold between them in read buffers, in
                                       bytes. Left unstated, pgdq reads the memory limit it is
                                       running under — the smallest cgroup limit that binds — less a
                                       384 MiB reserve, and takes inside that what the file asks
                                       for: one reader's worth for each worker it would run, rather
                                       than the whole allowance. Where no limit is set that same
                                       number is held under half the memory the machine reports
                                       available. A plain dump asks for nothing of its own and gets
                                       64 MiB, or the limit less the reserve where that is smaller
  -h, --help                           Print help (see more with '--help')
