---
source: pgdump_query-cli/tests/help_text.rs
expression: "help_page(&[\"query\", \"-h\"])"
---
Stream a table's rows, optionally projected to named columns and filtered by a boolean expression
over single-column predicates

Usage: pgdq query [OPTIONS] --source <SOURCE> --table <TABLE>

Options:
      --source <SOURCE>            The dump file to scan. `query` can never answer from a cache
                                   alone — row data is never cached — so this is always required
      --table <TABLE>              Table name, qualified (`schema.table`) or bare. Taken exactly as
                                   given, like `--column` and unlike a `--filter` term
      --dqcache <DQCACHE>          Cache file path, or `none` to ignore any existing cache and
                                   perform a fresh scan without persisting it
      --filter <FILTER>            Single-column filter: `column=value`, `column!=value`,
                                   `column<value`, `column<=value`, `column>value`, `column>=value`,
                                   `column IS DISTINCT FROM value`, `column IS NOT DISTINCT FROM
                                   value`, `column IS NULL`, or `column IS NOT NULL`. Repeatable —
                                   every term must match, so the terms are ANDed. `OR`, negation and
                                   grouping are `--where`, which takes an expression over these same
                                   terms; giving both flags ANDs them (`docs/design/decisions.md`,
                                   "Predicates")
      --where <EXPR>               Boolean expression over `--filter`'s terms: `AND`, `OR`, `NOT`
                                   and parens, with `NOT` binding tighter than `AND` and `AND`
                                   tighter than `OR`. The keywords are case-insensitive and are
                                   recognised only outside quotes, so `--where 'tag=and'` is still
                                   an equality against `and`
      --column <NAME>              Materialize only this column, repeatable — the output carries the
                                   columns in the order the flags give them, which need not be the
                                   file's. A name the table does not carry is an error, and so is a
                                   repeated one. Omit it entirely for every column
                                   (`docs/design/decisions.md`, "D28")
      --no-columns                 Materialize no columns at all — the `COUNT(*)` shape. Each row
                                   prints as an empty line and no header line is printed, so
                                   `--no-columns | wc -l` is a row count. Incompatible with
                                   `--column`
      --database <DATABASE>        Select which database to query when `table` is ambiguous across a
                                   multi-`\connect` dump (`docs/design/decisions.md`, "D49")
      --schema-mode <SCHEMA_MODE>  `typed` (default) resolves column types against the dump's DDL;
                                   `strings` skips that lookup entirely, matching the untyped
                                   byte-for-byte output — the way out of `Error::MetadataNotScanned`
                                   for a database an incremental scan hasn't read the DDL for yet
                                   [default: typed] [possible values: typed, strings]
      --chunk-size <BYTES>         Bytes requested per read from the dump — the same knob `parse`
                                   carries, and with the same measured answer behind its default
      --max-line-bytes <BYTES>     The longest line the scan accepts, in bytes — the same limit
                                   `parse` carries, applied to both of a query's passes over the
                                   file
      --statistics <USE>           Whether to use the statistics `parse` recorded: `all`, the
                                   default, skips each stretch of the table's data whose statistics
                                   prove no row in it satisfies the filter, and says on stderr how
                                   much was skipped; `none` reads every row. The rows printed are
                                   the same either way. A value that fails to decode is reported
                                   only where its row is read, so `none` is also how to find one a
                                   skipped stretch holds [default: all] [possible values: all, none]
      --jobs <N>                   How many workers pgdq may ask for. Left unstated, the file
                                   decides: a plain dump reads serially, and an `.xz` one takes the
                                   CPUs this process was given, or its own block count where that is
                                   smaller — lowered again to the number of readers the memory
                                   budget can pay for, where that is fewer, whether that budget was
                                   discovered or stated with `--parallel-memory`. A count stated
                                   here is never lowered that way
      --parallel-memory <BYTES>    What those workers may hold between them in read buffers, in
                                   bytes. Left unstated, pgdq reads the memory limit it is running
                                   under — the smallest cgroup limit that binds — less a 384 MiB
                                   reserve, and takes inside that what the file asks for: one
                                   reader's worth for each worker it would run, rather than the
                                   whole allowance. Where no limit is set that same number is held
                                   under half the memory the machine reports available. A plain dump
                                   asks for nothing of its own and gets 64 MiB, or the limit less
                                   the reserve where that is smaller
  -h, --help                       Print help (see more with '--help')
