---
source: pgdump_query-cli/tests/help_text.rs
expression: "help_page(&[\"parse\", \"--help\"])"
---
Scan a dump file and build the structure cache — the only command that reads the dump for its
structure (`pgdq info` reports from the cache this leaves). Resumes from a matching cache rather
than restarting, and banks its progress at `COPY` block boundaries as it goes — including on Ctrl-C,
which saves what has been scanned and exits 130 — so an interrupted scan is not wasted work. Remove
the cache file to force a scan from byte 0

Usage: pgdq parse [OPTIONS] --source <SOURCE>

Options:
      --source <SOURCE>
          The dump file to scan

      --dqcache <DQCACHE>
          Cache file path, or `none` to disable the cache. Since `parse`'s whole purpose is to write
          the cache, `none` is rejected

      --preamble-only
          Scan only the dump's preamble — the dump-level header alone, no per-block listing or row
          counts — instead of the whole file. Cost is independent of dump size regardless of how
          much `COPY` data follows (`docs/design/architecture.md`, "Bounded preamble-only reads").
          The cache this leaves is a partial one that `pgdq info` reads like any other

      --chunk-size <BYTES>
          Bytes requested per read from the dump. The default, 1 MiB, is the fastest of the six
          sizes measured on the one device class where a chunk size shows anything at all, and makes
          no measurable difference on the other two (`docs/design/measurements.md`, "What the read
          chunk size is worth") — so this is a tuning escape hatch for a device unlike those, not a
          knob with a win behind it. A raised value keeps its buffer pooling and costs memory
          instead: the read path holds four buffers of whatever size you ask for, or
          `--parallel-memory`'s worth, whichever is fewer

      --jobs <N>
          How many workers pgdq may ask for. Left unstated, the file decides: a plain dump reads
          serially, and an `.xz` one takes the CPUs this process was given, or its own block count
          where that is smaller — lowered again to the number of readers the memory allocation can
          pay for, where that is fewer. A count stated here is never lowered that way.
          
          **It states what is asked for, not what is delivered.** Two input shapes admit no
          parallelism whatever this says: a `.xz` file with one block, and an `INSERT` run
          (`docs/manual/dump-inspection.md`). And on a plain file the read buffer pool's own depth
          binds before this does, so a `parse` above `--jobs 4` runs four workers and queues the
          rest.
          
          What it reaches is `query`'s row replay, cut into at most this many sub-streams read at
          once and merged back into file order; a `parse`'s structure scan, which splits the
          interior of every `COPY` block large enough to cut and folds the answers back into one
          block list; and how many decoded `.xz` blocks the source retains, one per would-be reader.
          
          **On `query`, `--parallel-memory` has to cover a second cost before this number is
          delivered at all** — see that flag's own doc.

      --parallel-memory <BYTES>
          What those workers may hold between them in read buffers, in bytes. Left unstated, pgdq
          reads the memory limit it is running under — the smallest cgroup limit that binds — less a
          384 MiB reserve, and takes inside that what the file asks for: one reader's worth for each
          worker it would run, rather than the whole allowance. Where no limit is set that same
          number is held under half the memory the machine reports available. A plain dump asks for
          nothing of its own and stays on 64 MiB.
          
          It is a real bound rather than a target: a `.xz` file that does not leave room inside it
          for one reader — two of its blocks, a read buffer and the decompressor's own working
          memory — is read through the streaming decoder instead of being decoded a block at a time,
          which is correct but slower on backward reads. Raise it to buy the block path back on a
          file written with large blocks (`xz -9 -T0`, `xz --block-size=`).
          
          **It is also what decides how many of `--jobs`' workers read at once**, on both commands:
          the budget divided by what one reader holds. For an ordinary 24 MiB-block `.xz` that is
          about 58 MiB, so a 64 MiB budget affords one — which is why a discovered budget is sized
          off the count the source recommends rather than off a constant.
          
          **On `query` it divides by two terms rather than one**: what a worker costs to read, plus
          the 64 MiB a sub-stream's held batch may pin (`docs/design/architecture.md`, "Execution
          model and API surface") — charged on a plain file, where a batch pins read buffers the
          first term never counted, and not on a block-decoding `.xz`, where it pins the block that
          term already holds. At 64 MiB — which is what a plain file gets unless a limit or a flag
          says otherwise — the plain file's sum already exceeds the budget, so `query --jobs N` on
          one runs serially however large `N` is; raise it past roughly 145 MiB to get a second
          sub-stream at all. `parse` is unaffected by the second term: it builds no batches, so
          nothing on that path pins a span.

  -h, --help
          Print help (see a summary with '-h')
