---
source: pgdt/tests/help_text.rs
expression: "help_page(&[\"info\", \"--help\"])"
---
Report what a dump's cache holds. **`info` never scans** — it reads the cache `pgdt parse` wrote and
errors if there is not one, rather than starting an hours-long scan on your behalf
(`docs/design/decisions.md`, "D61"). A cache from an unfinished scan is reported for as far as it
got, with the coverage stated at the top

Usage: pgdt info [OPTIONS]

Options:
      --source <SOURCE>
          The dump the cache belongs to — a path or a URL, as `parse` takes it: its size is checked
          against the cache's, so a changed source is caught. Omit it to answer from `--dtcache`
          alone — cache-only mode, which then requires `--dtcache` and cannot check anything

      --dtcache <DTCACHE>
          Cache file path, defaulting to the dump's name plus `.dtcache`: beside a local dump, and
          for a URL in the working directory, named after the URL's last path segment. Required when
          `--source` is omitted — that is the cache-only entry point, and there is nothing else to
          answer from

      --detail
          Also report each `COPY` block's byte offsets and, per column that has something to say,
          what it became: the Arrow type it resolved to, or — for a column that came back as a
          string for a reason — why. A column that is simply text says nothing. Names beneath each
          block what a strict parse does not check in it, which the listing otherwise counts. Turns
          the `user-defined types` count into a listing of the types themselves, on a compressed
          dump adds the container's shape, and closes the listing, above its totals, with the
          statistics `parse` gathered, per table and column: over how many blocks, at what group
          size, and in how many groups each column keeps bounds and a dictionary

      --map
          List every span the map holds (`docs/design/decisions.md`, "D34") — DDL objects and
          framing included, not just `COPY` blocks — instead of the per-table listing

      --json
          Print the internal index as compact JSON instead of the human-readable listing: the whole
          cache file — the `DumpIndex`, every block's per-group statistics included, and the
          envelope around it: format version, container kind, seek table and source identity — with
          its coverage, its diagnostics, and the per-`COPY`-block type resolution `--detail` renders
          as text. Statistics are not rolled up per table, as `--detail` rolls them. No schema
          stability is promised — this is a raw dump of our internal representation, not a supported
          interchange format (`docs/design/decisions.md`, "D67"). Incompatible with
          `--detail`/`--map`, which format detail this already carries in full

      --strict-identity[=<TERMS>]
          Which weak signs of a source's identity must hold, as a comma-separated selection of
          `time` and `location`, or `advisory` or `none` alone; the flag alone is `time,location`.
          Left unstated, or stated `advisory`, they are advisory: a dump that was moved, copied or
          touched since it was parsed is read with a warning, because data moves and none of these
          signals proves the bytes changed. `time` binds the modification signal — an mtime, or a
          server's `Last-Modified` and `ETag` — so a cache written against another one, or a source
          that offers none at all, stops the run instead. `location` binds the origin a remote cache
          records, which a local file was not fetched from, so it binds nothing there.
          
          **A source that changes while it is being read is an error whatever this says**, because
          bytes moving underneath a read that has already returned some of them cannot produce a
          right answer; `none` is the only way to turn that into a warning, and it turns off
          everything else too. So a source nothing can check while it is read — a server stating
          neither a strong entity tag nor a `Last-Modified` — is refused unless this says `none`.
          
          It asks one question of every command, and needs a source to ask it of, so stating it
          without `--source` — `info` answering from the cache alone, whose identity is not
          unreadable but absent — is a usage error.

  -h, --help
          Print help (see a summary with '-h')
