---
source: pgdt/tests/help_text.rs
expression: "help_page(&[\"parse\", \"--help\"])"
---
Scan a dump file and build the structure cache — the only command that scans ahead of what was asked
(`pgdt info` reports from the cache this leaves; a `query` maps only what its table needs, but
persists that as it goes unless told `--dtcache none`). Resumes from a matching cache rather than
restarting, and banks its progress at `COPY` block boundaries as it goes — including on Ctrl-C,
which saves what has been scanned and then ends the process by that signal, or with status 128+n as
a container's init — so an interrupted scan is not wasted work. Remove the cache file to force a
scan from byte 0

Usage: pgdt parse [OPTIONS] --source <SOURCE>

Options:
      --source <SOURCE>
          The dump to scan: a path, or an `http://` or `https://` URL a server answers ranged GETs
          for. A `file://` URL is a path on this machine. Any other scheme is refused by name, as is
          a URL carrying a username or password — no credential is ever sent, and a presigned URL
          needs none

      --dtcache <DTCACHE>
          Cache file path, or `none` to disable the cache. Since `parse`'s whole purpose is to write
          the cache, `none` is rejected

      --preamble-only
          Scan only the dump's preamble — the dump-level header alone, no per-block listing or row
          counts — instead of the whole file. Cost is independent of dump size regardless of how
          much `COPY` data follows (`docs/design/decisions.md`, "D30"). The cache this leaves is a
          partial one that `pgdt info` reads like any other

      --chunk-size <BYTES>
          Bytes requested per read from the dump. The default, 1 MiB, is the fastest of the six
          sizes measured on the one device class where a chunk size shows anything at all, and makes
          no measurable difference on the other two (`docs/design/measurements.md`, "What the read
          chunk size is worth") — so this is a tuning escape hatch for a device unlike those, not a
          knob with a win behind it. A raised value keeps its buffer pooling and costs memory
          instead: the read path holds four buffers of whatever size you ask for, or what `--memory`
          leaves for read buffers, whichever is fewer

      --max-line-bytes <BYTES>
          The longest line the scan accepts, in bytes. A longer one stops the scan with an error
          naming its offset rather than being buffered without bound; the check is made as each read
          completes, so a line can overrun the limit by up to one read chunk before it is refused.
          The default, 64 MiB, holds any row of ordinary values; a dump holding larger ones — a
          single value of hundreds of megabytes — needs a larger limit stated here. A row is held
          whole while it is scanned, so this is also what one row may cost in memory

      --statistics <SELECTION>
          Which per-row-group column statistics to gather: `all`, the default; `none`; or a
          comma-separated list of the tables (`schema.table`, or a bare `table` in any schema) and
          columns (`schema.table.column`) to gather them for alone. Statistics record, for each
          stretch of a table's data, its row count and each column's NULL count, and where a
          column's comparison allows, its least and greatest value and its distinct values.
          Gathering reads every value of every tracked column, which costs the scan time and memory;
          `none` scans as fast as the file allows. A block an earlier `parse` mapped without the
          statistics asked for here is re-read for them once the rest of the file is scanned,
          keeping any it already had

      --row-group-size <BYTES>
          The bytes of a table's data each row group of statistics covers, a power of two. The
          default, 1 MiB, is coarse, and doubles for a table whose data would take more than 4,096
          groups until it takes no more, and for a table whose rows are too wide for its groups to
          hold `--row-group-min-rows`; it halves instead for one too dense for a stated
          `--row-group-max-rows`, which lifts both of those; a stated size is kept exactly, and a
          smaller group records more finely where values lie and costs memory and cache space in
          proportion. Stated, it also re-reads every block gathered at another size; left unstated,
          a block keeps the size it was gathered at

      --row-group-min-rows <ROWS>
          The fewest rows a row group of statistics should hold under the default group size. Once a
          table's data is read, its groups double until at most half of them fall short of this many
          rows or the table is one group, so a table of wide rows keeps fewer groups; the default,
          1,024, leaves rows up to about 1 KiB wide at 1 MiB a group, and 0 doubles nothing. Stated,
          it also re-reads every block sized under another minimum or at a stated group size; left
          unstated, a block keeps the size it was gathered at. A stated `--row-group-size` is kept
          exactly, so the two are refused together

      --row-group-max-rows <ROWS>
          The most rows a row group of statistics should hold under the default group size, read at
          the 90th-percentile group so that at most a tenth of them hold more. There is no default:
          stated, it stops the doubling `--row-group-min-rows` would otherwise do, it lifts the
          4,096-group ceiling, and a table too dense to meet it at 1 MiB a group is read a second
          time, at the finer size its groups predict — once, keeping what that gives and saying so
          if it still misses. Stated, it also re-reads every block sized under another maximum or at
          a stated group size; left unstated, a block keeps the size it was gathered at. Refused
          below `--row-group-min-rows`, which defaults to 1,024, and beside a stated
          `--row-group-size`, which is kept exactly

      --strict-identity[=<TERMS>]
          Which weak signs of a source's identity must hold, as a comma-separated selection of
          `time` and `location`, or `advisory` or `none` alone; the flag alone is `time,location`.
          Left unstated, or stated `advisory`, they are advisory: a dump that was moved, copied or
          touched since it was parsed is read with a warning, because data moves and none of these
          signals proves the bytes changed. `time` binds the modification signal — an mtime, or a
          server's `Last-Modified` and `ETag` — so a cache written against another one, or a source
          that offers none at all, stops the run instead. `location` binds the origin a remote cache
          records, which a local file was not fetched from, so it binds nothing there.
          
          **A source that changes while it is being read is an error whatever this says**, because
          bytes moving underneath a read that has already returned some of them cannot produce a
          right answer; `none` is the only way to turn that into a warning, and it turns off
          everything else too. So a source nothing can check while it is read — a server stating
          neither a strong entity tag nor a `Last-Modified` — is refused unless this says `none`.
          
          It asks one question of every command, and needs a source to ask it of, so stating it
          without `--source` — `info` answering from the cache alone, whose identity is not
          unreadable but absent — is a usage error.

      --overwrite-unusable-cache
          Start cold over a cache that cannot be used and replace it, rather than refusing: one
          written for a file of another size or compression, by another pgdt build, or cut short.
          Left unstated, each of those stops the run before the dump is read, since it is almost
          always the wrong path or a file that changed — this is for a source whose file is replaced
          under the same name. A file that is not a pgdt cache is never overwritten. It governs only
          the cache found at the start: a dump that changes while it is being read still stops the
          run (`--strict-identity`)

      --jobs <N>
          How many workers pgdt may ask for. Left unstated, the file decides: a plain dump reads
          serially, and an `.xz` one takes the CPUs this process was given, or its own block count
          where that is smaller — lowered again to the number of readers the memory allowance can
          pay for, where that is fewer, whether that allowance was discovered or stated with
          `--memory`. A count stated here is never lowered that way.
          
          **It states what is asked for, not what is delivered.** Two input shapes admit no
          parallelism whatever this says: a `.xz` file with one block, and an `INSERT` run
          (`docs/manual/dump-inspection.md`). And on a plain file the read buffer pool's own depth
          binds before this does, so a `parse` above `--jobs 4` runs four workers and queues the
          rest.
          
          What it reaches is `query`'s row replay, cut into at most this many sub-streams read at
          once and merged back into file order; a `parse`'s structure scan, which splits the
          interior of every `COPY` block large enough to cut and folds the answers back into one
          block list; and how many decoded `.xz` blocks the source retains: four, or one per
          would-be reader where that is more.
          
          **On `query`, `--memory` has to cover a second cost before this number is delivered at
          all** — see that flag's own doc.

      --memory <BYTES>
          How much memory pgdt may hold resident in total, in bytes — the number you would give the
          container. Left unstated, pgdt reads the memory limit it is running under — the smallest
          cgroup limit that binds — and uses that; where no limit is set it stays inside half the
          memory the machine reports available. A number typed here replaces whatever was discovered
          and is carved up exactly the same way.
          
          **What it is carved into.** A 384 MiB reserve comes off the top for everything pgdt holds
          that no buffer accounts for — the runtime's threads, the allocator's per-thread arenas,
          the decoder state a compressed source keeps outside its pools, the binary itself. What is
          left is what the read buffers may hold, and the worker count is lowered again so that a
          fifth of the whole number, plus a further 256 MiB, stays unspent. So the buffer budget a
          run reports is always smaller than what you typed, and the `resolved the arrangement` line
          on stderr names both.
          
          **What is left under that margin is what a gathering `parse`'s statistics may hold**,
          named as `statistics_bytes=` on the same line. A table whose statistics will not fit it is
          skipped — the scan finishes, stderr says which table and what it declined under, the cache
          records it, and only a larger allowance re-reads it. Nothing is killed for want of
          statistics, and raising this is what fits a wide table.
          
          It is a real bound rather than a target: a `.xz` file that does not leave room inside the
          buffer budget for one reader — one of its blocks, a read buffer and the decompressor's own
          working memory, beside the three further blocks the pool keeps however few workers run —
          is read through the streaming decoder instead of being decoded a block at a time, which is
          correct but slower on backward reads. Raise this to buy the block path back on a file
          written with large blocks (`xz -9 -T0`, `xz --block-size=`).
          
          **It is also what decides how many of `--jobs`' workers read at once**, on both commands:
          the largest count whose whole cost fits inside the buffer budget. For an ordinary 24
          MiB-block `.xz` the first reader is about 106 MiB and each one past the fourth about 58,
          so a 64 MiB buffer budget affords none of them — which is why a discovered allowance is
          sized off the count the source recommends rather than off a constant.
          
          **On `query` the buffer budget divides by two terms rather than one**: what a worker costs
          to read, plus the 64 MiB a sub-stream's held batch may pin (`docs/design/decisions.md`,
          "I/O, memory and parallelism") — charged on a plain file, where a batch pins read buffers
          the first term never counted, and not on a block-decoding `.xz`, whose first term already
          counts a decoded block. At 64 MiB — which is what a plain file gets unless a limit or this
          flag says otherwise — the plain file's sum already exceeds the budget, so rather than
          decline the readers the plan narrows each sub-stream's batch span to seat them
          (`docs/design/decisions.md`, "D84"): `--jobs N` buys N sub-streams, bought with batch size
          rather than with buffers. `parse` is unaffected by the second term: it builds no batches,
          so nothing on that path pins a span.

  -h, --help
          Print help (see a summary with '-h')
