---
source: pgdt/tests/help_text.rs
expression: "help_page(&[\"query\", \"-h\"])"
---
Stream a table's rows, optionally projected to named columns and filtered by a boolean expression
over single-column predicates

Usage: pgdt query [OPTIONS] --source <SOURCE> --table <TABLE>

Options:
      --source <SOURCE>            The dump to scan — a path or a URL, as `parse` takes it. `query`
                                   can never answer from a cache alone — row data is never cached —
                                   so this is always required
      --table <TABLE>              Table name, qualified (`schema.table`) or bare. Taken exactly as
                                   given, like `--column` and unlike a `--filter` term
      --dtcache <DTCACHE>          Cache file path, or `none` to ignore any existing cache and
                                   perform a fresh scan without persisting it
      --filter <FILTER>            Single-column filter: `column=value`, `column!=value`,
                                   `column<value`, `column<=value`, `column>value`, `column>=value`,
                                   `column IS DISTINCT FROM value`, `column IS NOT DISTINCT FROM
                                   value`, `column IS NULL`, or `column IS NOT NULL`. Repeatable —
                                   every term must match, so the terms are ANDed. `OR`, negation and
                                   grouping are `--where`, which takes an expression over these same
                                   terms; giving both flags ANDs them (`docs/design/decisions.md`,
                                   "Predicates")
      --where <EXPR>               Boolean expression over `--filter`'s terms: `AND`, `OR`, `NOT`
                                   and parens, with `NOT` binding tighter than `AND` and `AND`
                                   tighter than `OR`. The keywords are case-insensitive and are
                                   recognised only outside quotes, so `--where 'tag=and'` is still
                                   an equality against `and`
      --column <NAME>              Materialize only this column, repeatable — the output carries the
                                   columns in the order the flags give them, which need not be the
                                   file's. A name the table does not carry is an error, and so is a
                                   repeated one. Omit it entirely for every column
                                   (`docs/design/decisions.md`, "D28")
      --no-columns                 Materialize no columns at all — the `COUNT(*)` shape. Each row
                                   prints as an empty line and no header line is printed, so
                                   `--no-columns | wc -l` is a row count. Incompatible with
                                   `--column`
      --database <DATABASE>        Select which database to query when `table` is ambiguous across a
                                   multi-`\connect` dump (`docs/design/decisions.md`, "D49")
      --schema-mode <SCHEMA_MODE>  `typed` (default) resolves column types against the dump's DDL;
                                   `strings` skips that lookup entirely, matching the untyped
                                   byte-for-byte output — the way out of `Error::MetadataNotScanned`
                                   for a database an incremental scan hasn't read the DDL for yet
                                   [default: typed] [possible values: typed, strings]
      --chunk-size <BYTES>         Bytes requested per read from the dump — the same knob `parse`
                                   carries, and with the same measured answer behind its default
      --max-line-bytes <BYTES>     The longest line the scan accepts, in bytes — the same limit
                                   `parse` carries, applied to both of a query's passes over the
                                   file
      --statistics <USE>           Whether to use the statistics `parse` recorded: `all`, the
                                   default, skips each stretch of the table's data whose statistics
                                   prove no row in it satisfies the filter, and says on stderr how
                                   much was skipped, and stops reading data sorted on a column the
                                   filter bounds at its first row past the bound, saying once the
                                   rows are printed how much that left unread; `none` reads every
                                   row. The rows printed are the same either way. A value that fails
                                   to decode is reported only where its row is read, so `none` is
                                   also how to find one in data left unread [default: all] [possible
                                   values: all, none]
      --strict-identity[=<TERMS>]  Which weak signs of a source's identity must hold, as a
                                   comma-separated selection of `time`, `location` and `none`; the
                                   flag alone is `time,location`. Left unstated, they are advisory:
                                   a dump that was moved, copied or touched since it was parsed is
                                   read with a warning, because data moves and none of these signals
                                   proves the bytes changed. `time` binds the modification signal —
                                   an mtime, or a server's `Last-Modified` and `ETag` — so a cache
                                   written against another one, or a source that offers none at all,
                                   stops the run instead. `location` binds the origin a remote cache
                                   records, which a local file was not fetched from, so it binds
                                   nothing there
      --jobs <N>                   How many workers pgdt may ask for. Left unstated, the file
                                   decides: a plain dump reads serially, and an `.xz` one takes the
                                   CPUs this process was given, or its own block count where that is
                                   smaller — lowered again to the number of readers the memory
                                   allowance can pay for, where that is fewer, whether that
                                   allowance was discovered or stated with `--memory`. A count
                                   stated here is never lowered that way
      --memory <BYTES>             How much memory pgdt may hold resident in total, in bytes — the
                                   number you would give the container. Left unstated, pgdt reads
                                   the memory limit it is running under — the smallest cgroup limit
                                   that binds — and uses that; where no limit is set it stays inside
                                   half the memory the machine reports available. A number typed
                                   here replaces whatever was discovered and is carved up exactly
                                   the same way
  -h, --help                       Print help (see more with '--help')
